EN adder NULL C:/Users/Hossain/Documents/Nooshin/CA4/CA4/adder.vhd sub00/vhpl05 1517232262
EN inv NULL C:/Users/Hossain/Documents/Nooshin/CA4/CA4/not_gate.vhd sub00/vhpl07 1517232250
AR hidden_layer behavioral C:/Users/Hossain/Documents/Nooshin/CA4/CA4/hidden_layer.vhd sub00/vhpl32 1517232281
AR mult behavioral C:/Users/Hossain/Documents/Nooshin/CA4/CA4/mult.vhd sub00/vhpl04 1517232261
AR neuron behavioral C:/Users/Hossain/Documents/Nooshin/CA4/CA4/nueron.vhd sub00/vhpl30 1517232279
AR reg behavioral C:/Users/Hossain/Documents/Nooshin/CA4/CA4/reg.vhd sub00/vhpl18 1517232265
EN bit_comparator NULL C:/Users/Hossain/Documents/Nooshin/CA4/CA4/bit_comparator.vhd sub00/vhpl13 1517232256
EN nand2 NULL C:/Users/Hossain/Documents/Nooshin/CA4/CA4/nand2.vhd sub00/vhpl09 1517232252
EN nand3 NULL C:/Users/Hossain/Documents/Nooshin/CA4/CA4/nand3.vhd sub00/vhpl11 1517232254
EN mac NULL C:/Users/Hossain/Documents/Nooshin/CA4/CA4/mac.vhd sub00/vhpl23 1517232272
EN mult NULL C:/Users/Hossain/Documents/Nooshin/CA4/CA4/mult.vhd sub00/vhpl03 1517232260
EN neuron NULL C:/Users/Hossain/Documents/Nooshin/CA4/CA4/nueron.vhd sub00/vhpl29 1517232278
EN output_layer NULL C:/Users/Hossain/Documents/Nooshin/CA4/CA4/output_layer.vhd sub00/vhpl33 1517232282
AR input_selector behavioral C:/Users/Hossain/Documents/Nooshin/CA4/CA4/input_selector.vhd sub00/vhpl22 1517232271
EN datapath NULL C:/Users/Hossain/Documents/Nooshin/CA4/CA4/datapath.vhd sub00/vhpl25 1517232274
AR bit_comparator gate_level C:/Users/Hossain/Documents/Nooshin/CA4/CA4/bit_comparator.vhd sub00/vhpl14 1517232257
AR argmax behavioral C:/Users/Hossain/Documents/Nooshin/CA4/CA4/argmax.vhd sub00/vhpl36 1517232285
AR mlp behavioral C:/Users/Hossain/Documents/Nooshin/CA4/CA4/MLP.vhd sub00/vhpl38 1517232287
AR nand3 single_delay C:/Users/Hossain/Documents/Nooshin/CA4/CA4/nand3.vhd sub00/vhpl12 1517232255
PB nmn_types nmn_types C:/Users/Hossain/Documents/Nooshin/CA4/CA4/nmn_types.vhd sub00/vhpl20 1517232267
AR output_layer behavioral C:/Users/Hossain/Documents/Nooshin/CA4/CA4/output_layer.vhd sub00/vhpl34 1517232283
EN activationfunction NULL C:/Users/Hossain/Documents/Nooshin/CA4/CA4/activationFunction.vhd sub00/vhpl00 1517232268
EN mlp NULL C:/Users/Hossain/Documents/Nooshin/CA4/CA4/MLP.vhd sub00/vhpl37 1517232286
EN testactivationfunction NULL "D:/University/Term 7/CAD/CAs/CA3-NNM/CA3/testActivationFunction.vhd" sub00/vhpl02 1512049549
EN input_selector NULL C:/Users/Hossain/Documents/Nooshin/CA4/CA4/input_selector.vhd sub00/vhpl21 1517232270
AR mac behavioral C:/Users/Hossain/Documents/Nooshin/CA4/CA4/mac.vhd sub00/vhpl24 1517232273
EN hidden_layer NULL C:/Users/Hossain/Documents/Nooshin/CA4/CA4/hidden_layer.vhd sub00/vhpl31 1517232280
AR nand2 single_delay C:/Users/Hossain/Documents/Nooshin/CA4/CA4/nand2.vhd sub00/vhpl10 1517232253
EN argmax NULL C:/Users/Hossain/Documents/Nooshin/CA4/CA4/argmax.vhd sub00/vhpl35 1517232284
AR nibble_comparator iterative C:/Users/Hossain/Documents/Nooshin/CA4/CA4/n_bit_comparator.vhd sub00/vhpl16 1517232259
AR adder behavioral C:/Users/Hossain/Documents/Nooshin/CA4/CA4/adder.vhd sub00/vhpl06 1517232263
PH nmn_types NULL C:/Users/Hossain/Documents/Nooshin/CA4/CA4/nmn_types.vhd sub00/vhpl19 1517232266
EN nibble_comparator NULL C:/Users/Hossain/Documents/Nooshin/CA4/CA4/n_bit_comparator.vhd sub00/vhpl15 1517232258
AR inv single_delay C:/Users/Hossain/Documents/Nooshin/CA4/CA4/not_gate.vhd sub00/vhpl08 1517232251
EN controller NULL C:/Users/Hossain/Documents/Nooshin/CA4/CA4/controller.vhd sub00/vhpl27 1517232276
AR datapath behavioral C:/Users/Hossain/Documents/Nooshin/CA4/CA4/datapath.vhd sub00/vhpl26 1517232275
EN reg NULL C:/Users/Hossain/Documents/Nooshin/CA4/CA4/reg.vhd sub00/vhpl17 1517232264
AR controller behavioral C:/Users/Hossain/Documents/Nooshin/CA4/CA4/controller.vhd sub00/vhpl28 1517232277
AR activationfunction behavioral C:/Users/Hossain/Documents/Nooshin/CA4/CA4/activationFunction.vhd sub00/vhpl01 1517232269
