EN adder NULL "D:/University/Term 7/CAD/CAs/CA3-94346-93499-93436/CA3-NNM/CA3/adder.vhd" sub00/vhpl05 1513251599
AR mult behavioral "D:/University/Term 7/CAD/CAs/CA3-94346-93499-93436/CA3-NNM/CA3/mult.vhd" sub00/vhpl04 1513251495
EN mult NULL "D:/University/Term 7/CAD/CAs/CA3-94346-93499-93436/CA3-NNM/CA3/mult.vhd" sub00/vhpl03 1513251494
EN activationfunction NULL "D:/University/Term 7/CAD/CAs/CA3-NNM/CA3/activationFunction.vhd" sub00/vhpl00 1512049547
EN testactivationfunction NULL "D:/University/Term 7/CAD/CAs/CA3-NNM/CA3/testActivationFunction.vhd" sub00/vhpl02 1512049549
AR adder behavioral "D:/University/Term 7/CAD/CAs/CA3-94346-93499-93436/CA3-NNM/CA3/adder.vhd" sub00/vhpl06 1513251600
AR activationfunction behavioral "D:/University/Term 7/CAD/CAs/CA3-NNM/CA3/activationFunction.vhd" sub00/vhpl01 1512049548
