V3 43
FL "D:/University/Term 7/CAD/CAs/CA3-94346-93499-93436/CA3-NNM/CA3/activationFunction.vhd" 2017/11/30.15:34:34 P.20131013
EN work/activationFunction 1512049547 \
      FL "D:/University/Term 7/CAD/CAs/CA3-94346-93499-93436/CA3-NNM/CA3/activationFunction.vhd" \
      PB ieee/std_logic_1164 1381692176 PB ieee/std_logic_arith 1381692177
AR work/activationFunction/Behavioral 1512049548 \
      FL "D:/University/Term 7/CAD/CAs/CA3-94346-93499-93436/CA3-NNM/CA3/activationFunction.vhd" \
      EN work/activationFunction 1512049547
FL "D:/University/Term 7/CAD/CAs/CA3-94346-93499-93436/CA3-NNM/CA3/adder.vhd" 2017/12/14.15:09:56 P.20131013
EN work/adder 1513251599 \
      FL "D:/University/Term 7/CAD/CAs/CA3-94346-93499-93436/CA3-NNM/CA3/adder.vhd" \
      PB ieee/std_logic_1164 1381692176 PB ieee/std_logic_arith 1381692177
AR work/adder/Behavioral 1513251600 \
      FL "D:/University/Term 7/CAD/CAs/CA3-94346-93499-93436/CA3-NNM/CA3/adder.vhd" \
      EN work/adder 1513251599
FL "D:/University/Term 7/CAD/CAs/CA3-94346-93499-93436/CA3-NNM/CA3/controller.vhd" 2017/11/30.18:44:45 P.20131013
EN work/controller 0 \
      FL "D:/University/Term 7/CAD/CAs/CA3-94346-93499-93436/CA3-NNM/CA3/controller.vhd" \
      PB ieee/std_logic_1164 1381692176 PB ieee/std_logic_arith 1381692177
AR work/controller/Behavioral 0 \
      FL "D:/University/Term 7/CAD/CAs/CA3-94346-93499-93436/CA3-NNM/CA3/controller.vhd" \
      EN work/controller 0
FL "D:/University/Term 7/CAD/CAs/CA3-94346-93499-93436/CA3-NNM/CA3/datapath.vhd" 2017/11/30.17:31:38 P.20131013
EN work/datapath 0 \
      FL "D:/University/Term 7/CAD/CAs/CA3-94346-93499-93436/CA3-NNM/CA3/datapath.vhd" \
      PB ieee/std_logic_1164 1381692176 PB ieee/std_logic_arith 1381692177 \
      PB work/nmn_types 0
AR work/datapath/Behavioral 0 \
      FL "D:/University/Term 7/CAD/CAs/CA3-94346-93499-93436/CA3-NNM/CA3/datapath.vhd" \
      EN work/datapath 0 AR work/mac/Behavioral 0 \
      AR work/activationFunction/Behavioral 1512049548 \
      AR work/input_selector/Behavioral 0 CP mac CP activation CP selector
FL "D:/University/Term 7/CAD/CAs/CA3-94346-93499-93436/CA3-NNM/CA3/input_selector.vhd" 2017/11/30.15:52:08 P.20131013
EN work/input_selector 0 \
      FL "D:/University/Term 7/CAD/CAs/CA3-94346-93499-93436/CA3-NNM/CA3/input_selector.vhd" \
      PB ieee/std_logic_1164 1381692176 PB ieee/std_logic_arith 1381692177 \
      PB work/nmn_types 0
AR work/input_selector/Behavioral 0 \
      FL "D:/University/Term 7/CAD/CAs/CA3-94346-93499-93436/CA3-NNM/CA3/input_selector.vhd" \
      EN work/input_selector 0
FL "D:/University/Term 7/CAD/CAs/CA3-94346-93499-93436/CA3-NNM/CA3/mac.vhd" 2017/11/30.15:25:53 P.20131013
EN work/mac 0 \
      FL "D:/University/Term 7/CAD/CAs/CA3-94346-93499-93436/CA3-NNM/CA3/mac.vhd" \
      PB ieee/std_logic_1164 1381692176 PB ieee/std_logic_arith 1381692177
AR work/mac/Behavioral 0 \
      FL "D:/University/Term 7/CAD/CAs/CA3-94346-93499-93436/CA3-NNM/CA3/mac.vhd" \
      EN work/mac 0 AR work/mult/Behavioral 1513251495 AR work/adder/Behavioral 1513251600 \
      AR work/reg/Behavioral 0 CP mult CP adder CP reg
FL "D:/University/Term 7/CAD/CAs/CA3-94346-93499-93436/CA3-NNM/CA3/mult.vhd" 2017/12/14.14:39:42 P.20131013
EN work/mult 1513251494 \
      FL "D:/University/Term 7/CAD/CAs/CA3-94346-93499-93436/CA3-NNM/CA3/mult.vhd" \
      PB ieee/std_logic_1164 1381692176 PB ieee/NUMERIC_STD 1381692181
AR work/mult/Behavioral 1513251495 \
      FL "D:/University/Term 7/CAD/CAs/CA3-94346-93499-93436/CA3-NNM/CA3/mult.vhd" \
      EN work/mult 1513251494
FL "D:/University/Term 7/CAD/CAs/CA3-94346-93499-93436/CA3-NNM/CA3/nmn_types.vhd" 2017/12/14.13:52:34 P.20131013
PH work/nmn_types 0 \
      FL "D:/University/Term 7/CAD/CAs/CA3-94346-93499-93436/CA3-NNM/CA3/nmn_types.vhd" \
      PB ieee/std_logic_1164 1381692176
PB work/nmn_types 0 \
      FL "D:/University/Term 7/CAD/CAs/CA3-94346-93499-93436/CA3-NNM/CA3/nmn_types.vhd" \
      PH work/nmn_types 0
FL "D:/University/Term 7/CAD/CAs/CA3-94346-93499-93436/CA3-NNM/CA3/nueron.vhd" 2017/11/30.18:40:27 P.20131013
EN work/neuron 0 \
      FL "D:/University/Term 7/CAD/CAs/CA3-94346-93499-93436/CA3-NNM/CA3/nueron.vhd" \
      PB ieee/std_logic_1164 1381692176 PB ieee/std_logic_arith 1381692177 \
      PB work/nmn_types 0
AR work/neuron/Behavioral 0 \
      FL "D:/University/Term 7/CAD/CAs/CA3-94346-93499-93436/CA3-NNM/CA3/nueron.vhd" \
      EN work/neuron 0 AR work/datapath/Behavioral 0 AR work/controller/Behavioral 0 \
      CP datapath CP controller
FL "D:/University/Term 7/CAD/CAs/CA3-94346-93499-93436/CA3-NNM/CA3/reg.vhd" 2017/11/30.17:55:54 P.20131013
EN work/reg 0 \
      FL "D:/University/Term 7/CAD/CAs/CA3-94346-93499-93436/CA3-NNM/CA3/reg.vhd" \
      PB ieee/std_logic_1164 1381692176 PB ieee/std_logic_arith 1381692177
AR work/reg/Behavioral 0 \
      FL "D:/University/Term 7/CAD/CAs/CA3-94346-93499-93436/CA3-NNM/CA3/reg.vhd" \
      EN work/reg 0
FL "D:/University/Term 7/CAD/CAs/CA3-NNM/CA3/activationFunction.vhd" 2017/11/30.15:34:34 P.20131013
FL "D:/University/Term 7/CAD/CAs/CA3-NNM/CA3/testActivationFunction.vhd" 2017/11/30.12:47:36 P.20131013
EN work/testActivationFunction 0 \
      FL "D:/University/Term 7/CAD/CAs/CA3-NNM/CA3/testActivationFunction.vhd" \
      PB ieee/std_logic_1164 1381692176
AR work/testActivationFunction/behavior 0 \
      FL "D:/University/Term 7/CAD/CAs/CA3-NNM/CA3/testActivationFunction.vhd" \
      EN work/testActivationFunction 0 CP activationFunction
